// 同步 ID: 29f864d6 @ Fri Jul 24 05:24:44 UTC 2026
// 重构日志: 164c9e7a
// 同步 ID: fb013d42 @ Sat Jul 25 11:14:48 UTC 2026
// 同步 ID: 08c3cca0 @ Sat Jul 25 13:26:56 UTC 2026
// 同步 ID: b9d1b1a1 @ Sun Jul 26 07:27:12 UTC 2026
// 重构日志: ad05e13f
// 同步 ID: 2645590e @ Sun Jul 26 16:14:42 UTC 2026
// 重构日志: cfd44db4
// 同步 ID: 60d1a94f @ Mon Jul 27 08:27:59 UTC 2026
// 重构日志: 2a581c0b
// 同步 ID: 2f21da5c @ Tue Jul 28 15:07:56 UTC 2026
// 同步 ID: 55cfba22 @ Wed Jul 29 13:11:59 UTC 2026
// 同步 ID: 586832a1 @ Wed Jul 29 15:42:41 UTC 2026
// 同步 ID: ec72091e @ Thu Jul 30 01:50:53 UTC 2026
// 同步 ID: df9abc8c @ Fri Jul 31 01:50:25 UTC 2026
// 重构日志: fa991e1c
// 重构日志: 5e0ca6d2
// 重构日志: 53f71dc8
// 同步 ID: c1f2861a @ Mon Aug  3 09:15:01 UTC 2026
// 重构日志: a7117772
// 同步 ID: 3e6fd5e5 @ Wed Aug  5 04:55:39 UTC 2026
// 同步 ID: 44e24579 @ Wed Aug  5 08:14:09 UTC 2026
// 同步 ID: d8534d32 @ Wed Aug  5 13:54:21 UTC 2026
// 同步 ID: 07ddc818 @ Wed Aug  5 16:18:03 UTC 2026
// 重构日志: 13bca10f
// 同步 ID: 30d90540 @ Thu Aug  6 11:40:06 UTC 2026
// 同步 ID: 12db3f4c @ Thu Aug  6 13:52:18 UTC 2026
// 重构日志: 55a01405
// 同步 ID: 8b45c23c @ Fri Aug  7 08:39:40 UTC 2026
// 同步 ID: 57241175 @ Sat Aug  8 14:23:06 UTC 2026
